../Core/Src/main.c:115:6:CAN_Tx	48	static
../Core/Src/main.c:134:6:CAN_Tx_Request	48	static
../Core/Src/main.c:166:6:CAN_Filter	48	static
../Core/Src/main.c:188:6:HAL_CAN_TxMailbox0CompleteCallback	16	static
../Core/Src/main.c:192:6:HAL_CAN_TxMailbox1CompleteCallback	16	static
../Core/Src/main.c:196:6:HAL_CAN_TxMailbox2CompleteCallback	16	static
../Core/Src/main.c:200:6:HAL_CAN_RxFifo0MsgPendingCallback	56	static
../Core/Src/main.c:220:6:HAL_CAN_ErrorCallback	16	static
../Core/Src/main.c:231:5:main	8	static
../Core/Src/main.c:289:6:SystemClock_Config	72	static
../Core/Src/main.c:329:13:MX_CAN_Init	8	static
../Core/Src/main.c:383:13:MX_GPIO_Init	24	static
../Core/Src/main.c:401:6:Error_Handler	4	static,ignoring_inline_asm
