../Core/Src/main.c:115:6:CAN_Tx	48	static
../Core/Src/main.c:148:6:CAN_Filter	48	static
../Core/Src/main.c:170:6:HAL_CAN_TxMailbox0CompleteCallback	16	static
../Core/Src/main.c:174:6:HAL_CAN_TxMailbox1CompleteCallback	16	static
../Core/Src/main.c:178:6:HAL_CAN_TxMailbox2CompleteCallback	16	static
../Core/Src/main.c:182:6:HAL_CAN_RxFifo0MsgPendingCallback	56	static
../Core/Src/main.c:191:6:HAL_CAN_ErrorCallback	16	static
../Core/Src/main.c:202:5:main	8	static
../Core/Src/main.c:260:6:SystemClock_Config	72	static
../Core/Src/main.c:300:13:MX_CAN_Init	8	static
../Core/Src/main.c:354:13:MX_GPIO_Init	24	static
../Core/Src/main.c:372:6:Error_Handler	4	static,ignoring_inline_asm
